----------------------------------------BUGS----------------------------------------

------------------------------------------------------------------------------------
1) N√£o detecta erro ao tentar inserir uma string num char;

perdi=# insert into salario values (2158750, 'Masculino', 2540.50);
INSERT 0 1
perdi=# select * from salario;
 rg         | sexo       | salario    
------------+------------+------------
 2158750    | M          | 2540.500000 

(1 row)

------------------------------------------------------------------------------------
2) Falha de segmenta√ß√£o ao tentar inserir chave estrangeira invalida;

perdi=# insert into salario values (2343543, 'Feminino', 1321432.332);
ERROR: invalid reference to "funcionario.rg". The value "2343543" does not exist.
Falha de segmenta√ß√£o (imagem do n√∫cleo gravada)

------------------------------------------------------------------------------------
3) Banco abortado ap√≥s tentar inserir um valor grande dentro de um double;

perdi=# insert into salario values (2158770, 'M', 22222222222222222222222222222222222222222222222);
*** stack smashing detected ***: ./uffsdb terminated
Abortado (imagem do n√∫cleo gravada)

------------------------------------------------------------------------------------
4) Ap√≥s a inser√ß√£o de numeros muito grandes, o banco encontrou problemas ao ler os 
metadados; //Isso aconteceu ap√≥s a tentativa de inser√ß√£o do bug3, que abortou o 
programa mas o banco recebeu a entrada.

perdi=# select * from salario;
 rg         | sexo       | salario    
------------+------------+------------
 2158750    | M          | 2540.500000 
 2158770    | M          | 0.000000   
 -256684800 |            | 0.000000   
 -256622392 |            | -4771942904220153216856632813038296586784305435377709027699810847377593403892
01944199885727032843562073804668878206904177524126469232639664332768821304373877969059887953032834449408.000000 
 -257933113 |            | -141392453033400786938804840404349921638961583875418671161490850039427570009202527832002657935308
775602391310488224880483516012450699399688282056326873050525941292435103413965978107589748338517817344621666786869248.000000 
 16547      |           | 0.000000   

(6 rows)


------------------------------------------------------------------------------------
5) O nome do banco repete-se conforme o numero de ";" inseridos em seguida na linha 
de comando;

perdi=# ;;;;
perdi=# perdi=# perdi=# perdi=# ;;;;;;;;;
perdi=# perdi=# perdi=# perdi=# perdi=# perdi=# perdi=# perdi=# perdi=# 

------------------------------------------------------------------------------------
6) Ao inserir ap√≥strofos na linha de comando, o banco n√£o responde a nenhum comando 
e fica nisso at√© que se insira outro ap√≥strofo.

perdi=# '''''''
''''''
linha
teste
bug
select * from salario;
\q
nao sai do bug
s√≥ inserindo outro ap√≥strfo
;;
;

'
ERROR: syntax error.

------------------------------------------------------------------------------------
7) Ao inserir caracteres invalidos, o sgbd repete esses caracteres e n√£o identifica 
erro algum, seguindo normalmente como se nada estivesse acontecendo.

perdi=# ]]]]}}}}^[]^[]^[]^[]
]]]]}}}}]]]]perdi=# !#!@!##!@
!#!@!##!@perdi=# 
perdi=#

